[15-Jul-2025 22:07:29 Europe/Berlin] === New Request Started ===
[15-Jul-2025 22:07:29 Europe/Berlin] Time: 2025-07-15 22:07:29
[15-Jul-2025 22:07:29 Europe/Berlin] Checking paths:
[15-Jul-2025 22:07:29 Europe/Berlin] Vendor autoload path: C:\xampp\htdocs\pro\vendor\autoload.php (C:\xampp\htdocs\pro\school-admin/../vendor/autoload.php)
[15-Jul-2025 22:07:29 Europe/Berlin] Config path: C:\xampp\htdocs\pro\config\config.php (C:\xampp\htdocs\pro\school-admin/../config/config.php)
[15-Jul-2025 22:07:29 Europe/Berlin] Checking directories:
[15-Jul-2025 22:07:29 Europe/Berlin] Vendor directory: EXISTS (C:\xampp\htdocs\pro\school-admin/../vendor)
[15-Jul-2025 22:07:29 Europe/Berlin] Config directory: EXISTS (C:\xampp\htdocs\pro\school-admin/../config)
[15-Jul-2025 22:07:30 Europe/Berlin] === New Request Started ===
[15-Jul-2025 22:07:30 Europe/Berlin] Time: 2025-07-15 22:07:30
[15-Jul-2025 22:07:30 Europe/Berlin] Checking paths:
[15-Jul-2025 22:07:30 Europe/Berlin] Vendor autoload path: C:\xampp\htdocs\pro\vendor\autoload.php (C:\xampp\htdocs\pro\school-admin/../vendor/autoload.php)
[15-Jul-2025 22:07:30 Europe/Berlin] Config path: C:\xampp\htdocs\pro\config\config.php (C:\xampp\htdocs\pro\school-admin/../config/config.php)
[15-Jul-2025 22:07:30 Europe/Berlin] Checking directories:
[15-Jul-2025 22:07:30 Europe/Berlin] Vendor directory: EXISTS (C:\xampp\htdocs\pro\school-admin/../vendor)
[15-Jul-2025 22:07:30 Europe/Berlin] Config directory: EXISTS (C:\xampp\htdocs\pro\school-admin/../config)
[15-Jul-2025 22:07:30 Europe/Berlin] === New Request Started ===
[15-Jul-2025 22:07:30 Europe/Berlin] Time: 2025-07-15 22:07:30
[15-Jul-2025 22:07:30 Europe/Berlin] Checking paths:
[15-Jul-2025 22:07:30 Europe/Berlin] Vendor autoload path: C:\xampp\htdocs\pro\vendor\autoload.php (C:\xampp\htdocs\pro\school-admin/../vendor/autoload.php)
[15-Jul-2025 22:07:30 Europe/Berlin] Config path: C:\xampp\htdocs\pro\config\config.php (C:\xampp\htdocs\pro\school-admin/../config/config.php)
[15-Jul-2025 22:07:30 Europe/Berlin] Checking directories:
[15-Jul-2025 22:07:30 Europe/Berlin] Vendor directory: EXISTS (C:\xampp\htdocs\pro\school-admin/../vendor)
[15-Jul-2025 22:07:30 Europe/Berlin] Config directory: EXISTS (C:\xampp\htdocs\pro\school-admin/../config)
[15-Jul-2025 22:07:30 Europe/Berlin] === New Request Started ===
[15-Jul-2025 22:07:30 Europe/Berlin] Time: 2025-07-15 22:07:30
[15-Jul-2025 22:07:30 Europe/Berlin] Checking paths:
[15-Jul-2025 22:07:30 Europe/Berlin] Vendor autoload path: C:\xampp\htdocs\pro\vendor\autoload.php (C:\xampp\htdocs\pro\school-admin/../vendor/autoload.php)
[15-Jul-2025 22:07:30 Europe/Berlin] Config path: C:\xampp\htdocs\pro\config\config.php (C:\xampp\htdocs\pro\school-admin/../config/config.php)
[15-Jul-2025 22:07:30 Europe/Berlin] Checking directories:
[15-Jul-2025 22:07:30 Europe/Berlin] Vendor directory: EXISTS (C:\xampp\htdocs\pro\school-admin/../vendor)
[15-Jul-2025 22:07:30 Europe/Berlin] Config directory: EXISTS (C:\xampp\htdocs\pro\school-admin/../config)
[15-Jul-2025 22:38:55 Europe/Berlin] === New Request Started ===
[15-Jul-2025 22:38:55 Europe/Berlin] Time: 2025-07-15 22:38:55
[15-Jul-2025 22:38:55 Europe/Berlin] Checking paths:
[15-Jul-2025 22:38:55 Europe/Berlin] Vendor autoload path: C:\xampp\htdocs\pro\vendor\autoload.php (C:\xampp\htdocs\pro\school-admin/../vendor/autoload.php)
[15-Jul-2025 22:38:55 Europe/Berlin] Config path: C:\xampp\htdocs\pro\config\config.php (C:\xampp\htdocs\pro\school-admin/../config/config.php)
[15-Jul-2025 22:38:55 Europe/Berlin] Checking directories:
[15-Jul-2025 22:38:55 Europe/Berlin] Vendor directory: EXISTS (C:\xampp\htdocs\pro\school-admin/../vendor)
[15-Jul-2025 22:38:55 Europe/Berlin] Config directory: EXISTS (C:\xampp\htdocs\pro\school-admin/../config)
[15-Jul-2025 22:38:55 Europe/Berlin] === New Request Started ===
[15-Jul-2025 22:38:55 Europe/Berlin] Time: 2025-07-15 22:38:56
[15-Jul-2025 22:38:56 Europe/Berlin] Checking paths:
[15-Jul-2025 22:38:56 Europe/Berlin] Vendor autoload path: C:\xampp\htdocs\pro\vendor\autoload.php (C:\xampp\htdocs\pro\school-admin/../vendor/autoload.php)
[15-Jul-2025 22:38:56 Europe/Berlin] Config path: C:\xampp\htdocs\pro\config\config.php (C:\xampp\htdocs\pro\school-admin/../config/config.php)
[15-Jul-2025 22:38:56 Europe/Berlin] Checking directories:
[15-Jul-2025 22:38:56 Europe/Berlin] Vendor directory: EXISTS (C:\xampp\htdocs\pro\school-admin/../vendor)
[15-Jul-2025 22:38:56 Europe/Berlin] Config directory: EXISTS (C:\xampp\htdocs\pro\school-admin/../config)
[15-Jul-2025 22:39:46 Europe/Berlin] === New Request Started ===
[15-Jul-2025 22:39:46 Europe/Berlin] Time: 2025-07-15 22:39:46
[15-Jul-2025 22:39:46 Europe/Berlin] Checking paths:
[15-Jul-2025 22:39:46 Europe/Berlin] Vendor autoload path: C:\xampp\htdocs\pro\vendor\autoload.php (C:\xampp\htdocs\pro\school-admin/../vendor/autoload.php)
[15-Jul-2025 22:39:46 Europe/Berlin] Config path: C:\xampp\htdocs\pro\config\config.php (C:\xampp\htdocs\pro\school-admin/../config/config.php)
[15-Jul-2025 22:39:46 Europe/Berlin] Checking directories:
[15-Jul-2025 22:39:46 Europe/Berlin] Vendor directory: EXISTS (C:\xampp\htdocs\pro\school-admin/../vendor)
[15-Jul-2025 22:39:46 Europe/Berlin] Config directory: EXISTS (C:\xampp\htdocs\pro\school-admin/../config)
[15-Jul-2025 22:40:55 Europe/Berlin] === New Request Started ===
[15-Jul-2025 22:40:55 Europe/Berlin] Time: 2025-07-15 22:40:55
[15-Jul-2025 22:40:55 Europe/Berlin] Checking paths:
[15-Jul-2025 22:40:55 Europe/Berlin] Vendor autoload path: C:\xampp\htdocs\pro\vendor\autoload.php (C:\xampp\htdocs\pro\school-admin/../vendor/autoload.php)
[15-Jul-2025 22:40:55 Europe/Berlin] Config path: C:\xampp\htdocs\pro\config\config.php (C:\xampp\htdocs\pro\school-admin/../config/config.php)
[15-Jul-2025 22:40:55 Europe/Berlin] Checking directories:
[15-Jul-2025 22:40:55 Europe/Berlin] Vendor directory: EXISTS (C:\xampp\htdocs\pro\school-admin/../vendor)
[15-Jul-2025 22:40:55 Europe/Berlin] Config directory: EXISTS (C:\xampp\htdocs\pro\school-admin/../config)
[15-Jul-2025 22:40:56 Europe/Berlin] === New Request Started ===
[15-Jul-2025 22:40:56 Europe/Berlin] Time: 2025-07-15 22:40:56
[15-Jul-2025 22:40:56 Europe/Berlin] Checking paths:
[15-Jul-2025 22:40:56 Europe/Berlin] Vendor autoload path: C:\xampp\htdocs\pro\vendor\autoload.php (C:\xampp\htdocs\pro\school-admin/../vendor/autoload.php)
[15-Jul-2025 22:40:56 Europe/Berlin] Config path: C:\xampp\htdocs\pro\config\config.php (C:\xampp\htdocs\pro\school-admin/../config/config.php)
[15-Jul-2025 22:40:56 Europe/Berlin] Checking directories:
[15-Jul-2025 22:40:56 Europe/Berlin] Vendor directory: EXISTS (C:\xampp\htdocs\pro\school-admin/../vendor)
[15-Jul-2025 22:40:56 Europe/Berlin] Config directory: EXISTS (C:\xampp\htdocs\pro\school-admin/../config)
[15-Jul-2025 22:45:57 Europe/Berlin] === New Request Started ===
[15-Jul-2025 22:45:57 Europe/Berlin] Time: 2025-07-15 22:45:57
[15-Jul-2025 22:45:57 Europe/Berlin] Checking paths:
[15-Jul-2025 22:45:57 Europe/Berlin] Vendor autoload path: C:\xampp\htdocs\pro\vendor\autoload.php (C:\xampp\htdocs\pro\school-admin/../vendor/autoload.php)
[15-Jul-2025 22:45:57 Europe/Berlin] Config path: C:\xampp\htdocs\pro\config\config.php (C:\xampp\htdocs\pro\school-admin/../config/config.php)
[15-Jul-2025 22:46:54 Europe/Berlin] === New Request Started ===
[15-Jul-2025 22:46:54 Europe/Berlin] Time: 2025-07-15 22:46:54
[15-Jul-2025 22:46:54 Europe/Berlin] Checking paths:
[15-Jul-2025 22:46:54 Europe/Berlin] Vendor autoload path: C:\xampp\htdocs\pro\vendor\autoload.php (C:\xampp\htdocs\pro\school-admin/../vendor/autoload.php)
[15-Jul-2025 22:46:54 Europe/Berlin] Config path: C:\xampp\htdocs\pro\config\config.php (C:\xampp\htdocs\pro\school-admin/../config/config.php)
